[WebServer] (node:2612832) Warning: The 'NO_COLOR' env is ignored due to the 'FORCE_COLOR' env being set.
[WebServer] (Use `node --trace-warnings ...` to show where the warning was created)
[WebServer] (node:2612846) Warning: The 'NO_COLOR' env is ignored due to the 'FORCE_COLOR' env being set.
[WebServer] (Use `node --trace-warnings ...` to show where the warning was created)

Running 1 test using 1 worker

(node:2612892) Warning: The 'NO_COLOR' env is ignored due to the 'FORCE_COLOR' env being set.
(Use `node --trace-warnings ...` to show where the warning was created)
  ✘  1 e2e/presales.spec.ts:104:1 › GS-05/06/07 调研、数量单价、财务核对、冻结评审、整改复审及旧快照 (48.4s)


  1) e2e/presales.spec.ts:104:1 › GS-05/06/07 调研、数量单价、财务核对、冻结评审、整改复审及旧快照 ───────────────────────────

    Error: expect(page).toHaveURL(expected) failed

    Expected: "http://127.0.0.1:4179/opportunities"
    Received: "http://127.0.0.1:4179/opportunities/OPP-NEW-74/solution"
    Timeout:  5000ms

    Call log:
      - Expect "toHaveURL" with timeout 5000ms
        13 × locator resolved to <html lang="zh-CN">…</html>
           - unexpected value "http://127.0.0.1:4179/opportunities/OPP-NEW-74/solution"


       at helpers.ts:6

      4 |   await page.locator('.ant-select-dropdown:visible .ant-select-item-option').filter({ hasText: name }).click();
      5 |   const home = name === '客户经理' || name === '方案架构师' ? '/opportunities' : name === '项目经理' ? '/workbench/project-manager' : name === '财务专员' ? '/executive/four-calculations' : '/executive/dashboard';
    > 6 |   await expect(page).toHaveURL(home);
        |                      ^
      7 |   await page.getByRole('heading').first().click();
      8 |   await expect(page.locator('.ant-select-dropdown:visible')).toHaveCount(0);
      9 | }
        at role (/home/shengjunqiu/code/pms-demo/e2e/helpers.ts:6:22)
        at opinion (/home/shengjunqiu/code/pms-demo/e2e/presales.spec.ts:85:3)
        at /home/shengjunqiu/code/pms-demo/e2e/presales.spec.ts:163:3

    Error Context: test-results/presales-GS-05-06-07-调研、数量单价、财务核对、冻结评审、整改复审及旧快照/error-context.md

  1 failed
    e2e/presales.spec.ts:104:1 › GS-05/06/07 调研、数量单价、财务核对、冻结评审、整改复审及旧快照 ────────────────────────────
