[WebServer] (node:2623848) Warning: The 'NO_COLOR' env is ignored due to the 'FORCE_COLOR' env being set.
[WebServer] (Use `node --trace-warnings ...` to show where the warning was created)
[WebServer] (node:2623887) Warning: The 'NO_COLOR' env is ignored due to the 'FORCE_COLOR' env being set.
[WebServer] (Use `node --trace-warnings ...` to show where the warning was created)

Running 7 tests using 1 worker

(node:2623912) Warning: The 'NO_COLOR' env is ignored due to the 'FORCE_COLOR' env being set.
(Use `node --trace-warnings ...` to show where the warning was created)
  ✘  1 e2e/opportunity-ledger.spec.ts:87:1 › 台账日期方案恢复、列设置导出与补录跟进日期 (30.1s)
(node:2624369) Warning: The 'NO_COLOR' env is ignored due to the 'FORCE_COLOR' env being set.
(Use `node --trace-warnings ...` to show where the warning was created)
  ✓  2 e2e/opportunity-ledger.spec.ts:143:1 › 真实完整版本链可发起立项，九个页签及下钻保持同一商机 (17.1s)
  ✘  3 e2e/opportunity-ledger.spec.ts:175:1 › 新评审与旧冻结概算不一致时两页共同阻断，项目经理成本显示一致 (11.3s)
(node:2624824) Warning: The 'NO_COLOR' env is ignored due to the 'FORCE_COLOR' env being set.
(Use `node --trace-warnings ...` to show where the warning was created)
  ✓  4 e2e/opportunity-ledger.spec.ts:199:1 › 台账分页和金额排序使用完整可见集合 (11.8s)
  ✘  5 e2e/opportunity-ledger.spec.ts:230:1 › 暂缓必须安排复评，详情与台账提醒同步并能发起复评 (19.0s)
(node:2625293) Warning: The 'NO_COLOR' env is ignored due to the 'FORCE_COLOR' env being set.
(Use `node --trace-warnings ...` to show where the warning was created)
  ✓  6 e2e/opportunity-ledger.spec.ts:266:1 › 真实前期投入终止时强制处置说明，保留来源成本与只读历史 (15.6s)
  ✘  7 e2e/opportunity-ledger.spec.ts:322:1 › 未知商机、组织拒绝和已立项商机的真实项目下钻 (14.3s)


  1) e2e/opportunity-ledger.spec.ts:87:1 › 台账日期方案恢复、列设置导出与补录跟进日期 ───────────────────────────────────

    Test timeout of 30000ms exceeded.

    Error: locator.click: Test timeout of 30000ms exceeded.
    Call log:
      - waiting for getByRole('button', { name: '追加跟进', exact: true })


      124 |   await page.getByRole('tab', { name: '跟进记录', exact: true }).click();
      125 |   for (const date of ['2026-09-09', '2026-09-08']) {
    > 126 |     await page.getByRole('button', { name: '追加跟进', exact: true }).click();
          |                                                                   ^
      127 |     const dialog = page.getByRole('dialog');
      128 |     await dialog.getByLabel('跟进日期', { exact: true }).fill(date);
      129 |     await dialog.getByLabel('跟进日期', { exact: true }).press('Enter');
        at /home/shengjunqiu/code/pms-demo/e2e/opportunity-ledger.spec.ts:126:67

    Error Context: test-results/opportunity-ledger-台账日期方案恢复、列设置导出与补录跟进日期/error-context.md

  2) e2e/opportunity-ledger.spec.ts:175:1 › 新评审与旧冻结概算不一致时两页共同阻断，项目经理成本显示一致 ─────────────────────────

    Error: expect(locator).toBeDisabled() failed

    Locator: getByRole('button', { name: '发起立项', exact: true })
    Expected: disabled
    Error: strict mode violation: getByRole('button', { name: '发起立项', exact: true }) resolved to 10 elements:
        1) <button disabled type="button" class="ant-btn css-dev-only-do-not-override-vgqema ant-btn-default ant-btn-color-default ant-btn-variant-outlined ant-btn-sm">…</button> aka getByRole('button', { name: '发起立项' }).first()
        2) <button disabled type="button" class="ant-btn css-dev-only-do-not-override-vgqema ant-btn-default ant-btn-color-default ant-btn-variant-outlined ant-btn-sm">…</button> aka getByRole('button', { name: '发起立项' }).nth(1)
        3) <button disabled type="button" class="ant-btn css-dev-only-do-not-override-vgqema ant-btn-default ant-btn-color-default ant-btn-variant-outlined ant-btn-sm">…</button> aka getByRole('button', { name: '发起立项' }).nth(2)
        4) <button disabled type="button" class="ant-btn css-dev-only-do-not-override-vgqema ant-btn-default ant-btn-color-default ant-btn-variant-outlined ant-btn-sm">…</button> aka getByRole('button', { name: '发起立项' }).nth(3)
        5) <button disabled type="button" class="ant-btn css-dev-only-do-not-override-vgqema ant-btn-default ant-btn-color-default ant-btn-variant-outlined ant-btn-sm">…</button> aka getByRole('button', { name: '发起立项' }).nth(4)
        6) <button disabled type="button" class="ant-btn css-dev-only-do-not-override-vgqema ant-btn-default ant-btn-color-default ant-btn-variant-outlined ant-btn-sm">…</button> aka getByRole('button', { name: '发起立项' }).nth(5)
        7) <button disabled type="button" class="ant-btn css-dev-only-do-not-override-vgqema ant-btn-default ant-btn-color-default ant-btn-variant-outlined ant-btn-sm">…</button> aka locator('tr:nth-child(8) > .ant-table-cell.ant-table-cell-fix-right > .ant-space > div:nth-child(3) > span > .ant-btn')
        8) <button disabled type="button" class="ant-btn css-dev-only-do-not-override-vgqema ant-btn-default ant-btn-color-default ant-btn-variant-outlined ant-btn-sm">…</button> aka locator('tr:nth-child(9) > .ant-table-cell.ant-table-cell-fix-right > .ant-space > div:nth-child(3) > span > .ant-btn')
        9) <button disabled type="button" class="ant-btn css-dev-only-do-not-override-vgqema ant-btn-default ant-btn-color-default ant-btn-variant-outlined ant-btn-sm">…</button> aka locator('tr:nth-child(10) > .ant-table-cell.ant-table-cell-fix-right > .ant-space > div:nth-child(3) > span > .ant-btn')
        10) <button disabled type="button" class="ant-btn css-dev-only-do-not-override-vgqema ant-btn-default ant-btn-color-default ant-btn-variant-outlined ant-btn-sm">…</button> aka locator('tr:nth-child(11) > .ant-table-cell.ant-table-cell-fix-right > .ant-space > div:nth-child(3) > span > .ant-btn')

    Call log:
      - Expect "toBeDisabled" getByRole('button', { name: '发起立项', exact: true }) with timeout 5000ms
      - waiting for getByRole('button', { name: '发起立项', exact: true })


      180 |   await page.getByLabel('编号 / 商机名称', { exact: true }).fill('台账验收数据共享项目');
      181 |   await page.getByRole('button', { name: /^查\s*询$/ }).click();
    > 182 |   await expect(page.getByRole('button', { name: '发起立项', exact: true })).toBeDisabled();
          |                                                                         ^
      183 |   await navigate(page, `/opportunities/${id}`);
      184 |   await expect(page.getByRole('button', { name: '发起立项', exact: true })).toBeDisabled();
      185 |   await expect(page.getByText(/冻结概算与当前通过的方案\/专家评审版本链不一致/)).toBeVisible();
        at /home/shengjunqiu/code/pms-demo/e2e/opportunity-ledger.spec.ts:182:73

    Error Context: test-results/opportunity-ledger-新评审与旧冻结概算不一致时两页共同阻断，项目经理成本显示一致/error-context.md

  3) e2e/opportunity-ledger.spec.ts:230:1 › 暂缓必须安排复评，详情与台账提醒同步并能发起复评 ───────────────────────────────

    TimeoutError: locator.click: Timeout 10000ms exceeded.
    Call log:
      - waiting for getByRole('button', { name: /^暂\s*缓$/ })


      232 | test('暂缓必须安排复评，详情与台账提醒同步并能发起复评', async ({ page }) => {
      233 |   const errors = collectBrowserErrors(page);
    > 234 |   const id = await seed(page);
          |                               ^
      235 |   await navigate(page, `/opportunities/${id}`);
      236 |   await page.getByRole('button', { name: /^暂\s*缓$/ }).click();
      237 |   const dialog = page.getByRole('dialog');
        at /home/shengjunqiu/code/pms-demo/e2e/opportunity-ledger.spec.ts:234:55

    Error Context: test-results/opportunity-ledger-暂缓必须安排复评，详情与台账提醒同步并能发起复评/error-context.md

  4) e2e/opportunity-ledger.spec.ts:322:1 › 未知商机、组织拒绝和已立项商机的真实项目下钻 ─────────────────────────────────

    Error: expect(locator).toBeVisible() failed

    Locator: getByRole('heading', { name: '福建省晋江市岸海防综合治理平台', exact: true })
    Expected: visible
    Timeout: 5000ms
    Error: element(s) not found

    Call log:
      - Expect "toBeVisible" getByRole('heading', { name: '福建省晋江市岸海防综合治理平台', exact: true }) with timeout 5000ms
      - waiting for getByRole('heading', { name: '福建省晋江市岸海防综合治理平台', exact: true })


      328 |   await navigate(page, '/opportunities/OPP-NOT-FOUND');
      329 |   await expect(page.locator('.ant-result-404')).toBeVisible();
    > 330 |   await navigate(page, '/opportunities/OPP-001');
          |                                                  ^
      331 |   await page.getByRole('link', { name: '已转入项目：福建省晋江市岸海防综合治理平台', exact: true }).click();
      332 |   await expect(page).toHaveURL('/projects/P-001');
      333 |   await expect(page.getByRole('heading', { name: 'HS-01 项目详情总览', exact: true })).toBeVisible();
        at /home/shengjunqiu/code/pms-demo/e2e/opportunity-ledger.spec.ts:330:85

    Error Context: test-results/opportunity-ledger-未知商机、组织拒绝和已立项商机的真实项目下钻/error-context.md

  4 failed
    e2e/opportunity-ledger.spec.ts:87:1 › 台账日期方案恢复、列设置导出与补录跟进日期 ────────────────────────────────────
    e2e/opportunity-ledger.spec.ts:175:1 › 新评审与旧冻结概算不一致时两页共同阻断，项目经理成本显示一致 ──────────────────────────
    e2e/opportunity-ledger.spec.ts:230:1 › 暂缓必须安排复评，详情与台账提醒同步并能发起复评 ────────────────────────────────
    e2e/opportunity-ledger.spec.ts:322:1 › 未知商机、组织拒绝和已立项商机的真实项目下钻 ──────────────────────────────────
  3 passed (2.1m)
