
> pms-demo@1.0.0 test:e2e /home/shengjunqiu/code/pms-demo
> playwright test e2e/ui-budget-workspace.spec.ts e2e/budget-acceptance.spec.ts e2e/first-batch.spec.ts:94

[WebServer] (node:2860892) Warning: The 'NO_COLOR' env is ignored due to the 'FORCE_COLOR' env being set.
[WebServer] (Use `node --trace-warnings ...` to show where the warning was created)
[WebServer] (node:2860905) Warning: The 'NO_COLOR' env is ignored due to the 'FORCE_COLOR' env being set.
[WebServer] (Use `node --trace-warnings ...` to show where the warning was created)

Running 5 tests using 1 worker

(node:2860937) Warning: The 'NO_COLOR' env is ignored due to the 'FORCE_COLOR' env being set.
(Use `node --trace-warnings ...` to show where the warning was created)
  ✓  1 e2e/budget-acceptance.spec.ts:40:1 › YS-09 删除中间新增事项再新增，保存后各事项仍独立 (15.4s)
  ✘  2 e2e/budget-acceptance.spec.ts:61:1 › YS-09/10/11/12 超概算保存、原因阻断、高级审批和独立基线确认 (55.6s)
(node:2861752) Warning: The 'NO_COLOR' env is ignored due to the 'FORCE_COLOR' env being set.
(Use `node --trace-warnings ...` to show where the warning was created)
  ✓  3 e2e/first-batch.spec.ts:94:1 › 策划计划经PMO评审、预算审批与独立基线确认 (31.3s)
  ✘  4 e2e/ui-budget-workspace.spec.ts:28:1 › UI 团队：维护成员投入、原因与当前主PM退出限制 (8.7s)
(node:2862205) Warning: The 'NO_COLOR' env is ignored due to the 'FORCE_COLOR' env being set.
(Use `node --trace-warnings ...` to show where the warning was created)
  ✓  5 e2e/ui-budget-workspace.spec.ts:43:1 › UI 预算工作区：五页上下文、版本来源、只读审批与基线快照 (18.9s)


  1) e2e/budget-acceptance.spec.ts:61:1 › YS-09/10/11/12 超概算保存、原因阻断、高级审批和独立基线确认 ────────────────────

    TimeoutError: locator.click: Timeout 10000ms exceeded.
    Call log:
      - waiting for locator('.ant-select-dropdown:visible .ant-select-item-option').filter({ hasText: 'PMO负责人' })
        - locator resolved to <div aria-selected="false" class="ant-select-item ant-select-item-option">…</div>
      - attempting click action
        2 × waiting for element to be visible, enabled and stable
          - element is not stable
        - retrying click action
        - waiting 20ms
        - waiting for element to be visible, enabled and stable
        - element is visible, enabled and stable
        - scrolling into view if needed
        - done scrolling
        - performing click action


       at helpers.ts:6

      4 |   if ((await page.locator('.ant-select[aria-label="模拟身份"] .ant-select-selection-item').innerText()).includes(name)) return;
      5 |   await page.locator('.ant-select[aria-label="模拟身份"] .ant-select-selector').click();
    > 6 |   await page.locator('.ant-select-dropdown:visible .ant-select-item-option').filter({ hasText: name }).click();
        |                                                                                                        ^
      7 |   const home = name === '客户经理' || name === '方案架构师' ? '/opportunities' : name === '项目经理' ? '/workbench/project-manager' : name === '财务专员' ? '/executive/four-calculations' : '/executive/dashboard';
      8 |   await expect(page).toHaveURL(home);
      9 |   await page.getByRole('heading').first().click();
        at role (/home/shengjunqiu/code/pms-demo/e2e/helpers.ts:6:104)
        at /home/shengjunqiu/code/pms-demo/e2e/budget-acceptance.spec.ts:104:3

    Error Context: test-results/budget-acceptance-YS-09-10-11-12-超概算保存、原因阻断、高级审批和独立基线确认/error-context.md

  2) e2e/ui-budget-workspace.spec.ts:28:1 › UI 团队：维护成员投入、原因与当前主PM退出限制 ──────────────────────────────

    Error: expect(locator).toBeVisible() failed

    Locator: getByText(/按交付阶段调整资源投入/)
    Expected: visible
    Error: strict mode violation: getByText(/按交付阶段调整资源投入/) resolved to 2 elements:
        1) <p>save-team-member · 按交付阶段调整资源投入，保留历史记录</p> aka getByText('save-team-member')
        2) <textarea aria-label="团队变更原因" placeholder="变更原因（必填）" class="ant-input css-dev-only-do-not-override-1mq36b9 ant-input-outlined">按交付阶段调整资源投入，保留历史记录</textarea> aka getByPlaceholder('变更原因（必填）')

    Call log:
      - Expect "toBeVisible" getByText(/按交付阶段调整资源投入/) with timeout 5000ms
      - waiting for getByText(/按交付阶段调整资源投入/)


      39 |   await expect(dialog).toBeHidden();
      40 |   await expect(memberTable).toContainText('80% / 240小时');
    > 41 |   await expect(page.getByText(/按交付阶段调整资源投入/)).toBeVisible();
         |                                               ^
      42 | });
      43 | test('UI 预算工作区：五页上下文、版本来源、只读审批与基线快照', async ({ page }) => {
      44 |   await navigate(page, '/projects/P-PLAN-001/budget');
        at /home/shengjunqiu/code/pms-demo/e2e/ui-budget-workspace.spec.ts:41:47

    Error Context: test-results/ui-budget-workspace-UI-团队：维护成员投入、原因与当前主PM退出限制/error-context.md

  2 failed
    e2e/budget-acceptance.spec.ts:61:1 › YS-09/10/11/12 超概算保存、原因阻断、高级审批和独立基线确认 ─────────────────────
    e2e/ui-budget-workspace.spec.ts:28:1 › UI 团队：维护成员投入、原因与当前主PM退出限制 ───────────────────────────────
  3 passed (2.3m)
 ELIFECYCLE  Command failed with exit code 1.
