ExpectError: expect(locator).toBeVisible() failed

Locator: getByRole('cell', { name: '已接受', exact: true })
Expected: visible
Error: strict mode violation: getByRole('cell', { name: '已接受', exact: true }) resolved to 2 elements:
    1) <td class="ant-table-cell">已接受</td> aka getByRole('cell', { name: '已接受' }).first()
    2) <td class="ant-table-cell">已接受</td> aka getByRole('cell', { name: '已接受' }).nth(1)

Call log:
  - Expect "toBeVisible" getByRole('cell', { name: '已接受', exact: true }) with timeout 5000ms
  - waiting for getByRole('cell', { name: '已接受', exact: true })

    at captureRawStack (/home/shengjunqiu/code/pms-demo/node_modules/.pnpm/playwright-core@1.63.0/node_modules/playwright-core/lib/coreBundle.js:8588:17)
    at callMatcherAsStep (/home/shengjunqiu/code/pms-demo/node_modules/.pnpm/playwright@1.63.0/node_modules/playwright/lib/matchers/expect.js:13310:57)
    at Object.toBeVisible (/home/shengjunqiu/code/pms-demo/node_modules/.pnpm/playwright@1.63.0/node_modules/playwright/lib/matchers/expect.js:13302:23)
    at /home/shengjunqiu/code/pms-demo/.pms-loop/runs/R0042/artifacts/team-states.cjs:22:78 {
  matcherResult: {
    message: 'expect(locator).toBeVisible() failed\n' +
      '\n' +
      "Locator: getByRole('cell', { name: '已接受', exact: true })\n" +
      'Expected: visible\n' +
      "Error: strict mode violation: getByRole('cell', { name: '已接受', exact: true }) resolved to 2 elements:\n" +
      `    1) <td class="ant-table-cell">已接受</td> aka getByRole('cell', { name: '已接受' }).first()\n` +
      `    2) <td class="ant-table-cell">已接受</td> aka getByRole('cell', { name: '已接受' }).nth(1)\n` +
      '\n' +
      'Call log:\n' +
      `  - Expect "toBeVisible" getByRole('cell', { name: '已接受', exact: true }) with timeout 5000ms\n` +
      "  - waiting for getByRole('cell', { name: '已接受', exact: true })\n",
    pass: false,
    actual: undefined,
    name: 'toBeVisible',
    expected: 'visible',
    log: [
      `  - Expect "toBeVisible" getByRole('cell', { name: '已接受', exact: true }) with timeout 5000ms`,
      "  - waiting for getByRole('cell', { name: '已接受', exact: true })"
    ],
    timeout: undefined,
    ariaSnapshot: undefined
  }
}
