
> pms-demo@1.0.0 test:e2e /home/shengjunqiu/code/pms-demo
> playwright test e2e/ui-tickets.spec.ts --grep '需求真实闭环|BUG真实闭环|风险与问题真实闭环'

[WebServer] (node:2940799) Warning: The 'NO_COLOR' env is ignored due to the 'FORCE_COLOR' env being set.
[WebServer] (Use `node --trace-warnings ...` to show where the warning was created)
[WebServer] (node:2940813) Warning: The 'NO_COLOR' env is ignored due to the 'FORCE_COLOR' env being set.
[WebServer] (Use `node --trace-warnings ...` to show where the warning was created)

Running 3 tests using 1 worker

(node:2940847) Warning: The 'NO_COLOR' env is ignored due to the 'FORCE_COLOR' env being set.
(Use `node --trace-warnings ...` to show where the warning was created)
  ✘  1 e2e/ui-tickets.spec.ts:96:1 › 需求真实闭环：反馈、解决、发起人退回与最终关闭，台账保留筛选 (22.1s)
(node:2941256) Warning: The 'NO_COLOR' env is ignored due to the 'FORCE_COLOR' env being set.
(Use `node --trace-warnings ...` to show where the warning was created)
  ✘  2 e2e/ui-tickets.spec.ts:131:1 › BUG真实闭环：从BUG页签登记、转办、修复与发起人复测 (17.9s)
(node:2941667) Warning: The 'NO_COLOR' env is ignored due to the 'FORCE_COLOR' env being set.
(Use `node --trace-warnings ...` to show where the warning was created)
  ✘  3 e2e/ui-tickets.spec.ts:152:1 › 风险与问题真实闭环：5×4评分、PMO督办、风险转问题及主PM关闭 (17.5s)


  1) e2e/ui-tickets.spec.ts:96:1 › 需求真实闭环：反馈、解决、发起人退回与最终关闭，台账保留筛选 ──────────────────────────────────

    TimeoutError: locator.click: Timeout 10000ms exceeded.
    Call log:
      - waiting for locator('.ant-select-dropdown:visible .ant-select-item-option').filter({ hasText: '赵工' })
        - locator resolved to <div title="赵工" aria-selected="false" class="ant-select-item ant-select-item-option">…</div>
      - attempting click action
        2 × waiting for element to be visible, enabled and stable
          - element is not stable
        - retrying click action
        - waiting 20ms
        - waiting for element to be visible, enabled and stable
        - element is not stable
      - retrying click action
        - waiting 100ms
        - waiting for element to be visible, enabled and stable
      - element was detached from the DOM, retrying


      18 | async function select(page: Page, scope: Page | Locator, label: string, name: string) {
      19 |   await scope.locator(`.ant-select[aria-label="${label}"] .ant-select-selector`).click();
    > 20 |   await page.locator('.ant-select-dropdown:visible .ant-select-item-option').filter({ hasText: name }).click();
         |                                                                                                        ^
      21 |   await expect(page.locator('.ant-select-dropdown:visible')).toHaveCount(0);
      22 | }
      23 | async function list(page: Page, kind: Kind, query = 'projectId=P-001') {
        at select (/home/shengjunqiu/code/pms-demo/e2e/ui-tickets.spec.ts:20:104)
        at create (/home/shengjunqiu/code/pms-demo/e2e/ui-tickets.spec.ts:58:3)
        at /home/shengjunqiu/code/pms-demo/e2e/ui-tickets.spec.ts:99:14

    Error Context: test-results/ui-tickets-需求真实闭环：反馈、解决、发起人退回与最终关闭，台账保留筛选/error-context.md

  2) e2e/ui-tickets.spec.ts:131:1 › BUG真实闭环：从BUG页签登记、转办、修复与发起人复测 ───────────────────────────────────

    Error: expect(locator).toBeVisible() failed

    Locator: getByRole('dialog').getByRole('button', { name: /^确\s*定$/ })
    Expected: visible
    Timeout: 5000ms
    Error: element(s) not found

    Call log:
      - Expect "toBeVisible" getByRole('dialog').getByRole('button', { name: /^确\s*定$/ }) with timeout 5000ms
      - waiting for getByRole('dialog').getByRole('button', { name: /^确\s*定$/ })


      43 |     await page.setViewportSize({ width, height: 900 });
      44 |     expect(await page.evaluate(() => document.documentElement.scrollWidth <= window.innerWidth + 1)).toBe(true);
    > 45 |     await expect(page.getByRole('dialog').getByRole('button', { name: /^确\s*定$/ })).toBeVisible();
         |                                                                                     ^
      46 |     await page.screenshot({ path: join(artifactDir, `${name}-${width}.png`), fullPage: true, animations: 'disabled' });
      47 |   }
      48 |   await page.setViewportSize({ width: 1440, height: 900 });
        at formEvidence (/home/shengjunqiu/code/pms-demo/e2e/ui-tickets.spec.ts:45:85)
        at create (/home/shengjunqiu/code/pms-demo/e2e/ui-tickets.spec.ts:71:24)
        at /home/shengjunqiu/code/pms-demo/e2e/ui-tickets.spec.ts:134:14

    Error Context: test-results/ui-tickets-BUG真实闭环：从BUG页签登记、转办、修复与发起人复测/error-context.md

  3) e2e/ui-tickets.spec.ts:152:1 › 风险与问题真实闭环：5×4评分、PMO督办、风险转问题及主PM关闭 ──────────────────────────────

    Error: expect(locator).toBeVisible() failed

    Locator: getByRole('dialog').getByRole('button', { name: /^确\s*定$/ })
    Expected: visible
    Timeout: 5000ms
    Error: element(s) not found

    Call log:
      - Expect "toBeVisible" getByRole('dialog').getByRole('button', { name: /^确\s*定$/ }) with timeout 5000ms
      - waiting for getByRole('dialog').getByRole('button', { name: /^确\s*定$/ })


      43 |     await page.setViewportSize({ width, height: 900 });
      44 |     expect(await page.evaluate(() => document.documentElement.scrollWidth <= window.innerWidth + 1)).toBe(true);
    > 45 |     await expect(page.getByRole('dialog').getByRole('button', { name: /^确\s*定$/ })).toBeVisible();
         |                                                                                     ^
      46 |     await page.screenshot({ path: join(artifactDir, `${name}-${width}.png`), fullPage: true, animations: 'disabled' });
      47 |   }
      48 |   await page.setViewportSize({ width: 1440, height: 900 });
        at formEvidence (/home/shengjunqiu/code/pms-demo/e2e/ui-tickets.spec.ts:45:85)
        at create (/home/shengjunqiu/code/pms-demo/e2e/ui-tickets.spec.ts:71:24)
        at /home/shengjunqiu/code/pms-demo/e2e/ui-tickets.spec.ts:155:14

    Error Context: test-results/ui-tickets-风险与问题真实闭环：5×4评分、PMO督办、风险转问题及主PM关闭/error-context.md

  3 failed
    e2e/ui-tickets.spec.ts:96:1 › 需求真实闭环：反馈、解决、发起人退回与最终关闭，台账保留筛选 ───────────────────────────────────
    e2e/ui-tickets.spec.ts:131:1 › BUG真实闭环：从BUG页签登记、转办、修复与发起人复测 ────────────────────────────────────
    e2e/ui-tickets.spec.ts:152:1 › 风险与问题真实闭环：5×4评分、PMO督办、风险转问题及主PM关闭 ───────────────────────────────
 ELIFECYCLE  Command failed with exit code 1.
