
> pms-demo@1.0.0 test:e2e /home/shengjunqiu/code/pms-demo
> playwright test e2e/ui-tickets.spec.ts --grep '需求真实闭环|BUG真实闭环|风险与问题真实闭环'

[WebServer] (node:2936694) Warning: The 'NO_COLOR' env is ignored due to the 'FORCE_COLOR' env being set.
[WebServer] (Use `node --trace-warnings ...` to show where the warning was created)
[WebServer] (node:2936724) Warning: The 'NO_COLOR' env is ignored due to the 'FORCE_COLOR' env being set.
[WebServer] (Use `node --trace-warnings ...` to show where the warning was created)

Running 3 tests using 1 worker

(node:2936759) Warning: The 'NO_COLOR' env is ignored due to the 'FORCE_COLOR' env being set.
(Use `node --trace-warnings ...` to show where the warning was created)
  ✘  1 e2e/ui-tickets.spec.ts:96:1 › 需求真实闭环：反馈、解决、发起人退回与最终关闭，台账保留筛选 (10.5s)
(node:2937030) Warning: The 'NO_COLOR' env is ignored due to the 'FORCE_COLOR' env being set.
(Use `node --trace-warnings ...` to show where the warning was created)
  ✘  2 e2e/ui-tickets.spec.ts:131:1 › BUG真实闭环：从BUG页签登记、转办、修复与发起人复测 (8.5s)
(node:2937305) Warning: The 'NO_COLOR' env is ignored due to the 'FORCE_COLOR' env being set.
(Use `node --trace-warnings ...` to show where the warning was created)
  ✘  3 e2e/ui-tickets.spec.ts:152:1 › 风险与问题真实闭环：5×4评分、PMO督办、风险转问题及主PM关闭 (8.9s)


  1) e2e/ui-tickets.spec.ts:96:1 › 需求真实闭环：反馈、解决、发起人退回与最终关闭，台账保留筛选 ──────────────────────────────────

    Error: locator.click: Error: strict mode violation: getByRole('dialog').getByLabel('新建责任人', { exact: true }) resolved to 2 elements:
        1) <div aria-label="新建责任人" class="ant-select ant-select-outlined css-dev-only-do-not-override-1mq36b9 ant-select-single ant-select-show-arrow ant-select-show-search">…</div> aka getByLabel('新建责任人').first()
        2) <input value="" type="search" role="combobox" id="rc_select_17" autocomplete="off" aria-label="新建责任人" aria-expanded="false" aria-haspopup="listbox" aria-autocomplete="list" aria-owns="rc_select_17_list" aria-controls="rc_select_17_list" class="ant-select-selection-search-input"/> aka getByRole('combobox', { name: '新建责任人' })

    Call log:
      - waiting for getByRole('dialog').getByLabel('新建责任人', { exact: true })


      17 | }
      18 | async function select(page: Page, scope: Page | Locator, label: string, name: string) {
    > 19 |   await scope.getByLabel(label, { exact: true }).click();
         |                                                  ^
      20 |   await page.locator('.ant-select-dropdown:visible .ant-select-item-option').filter({ hasText: name }).click();
      21 |   await expect(page.locator('.ant-select-dropdown:visible')).toHaveCount(0);
      22 | }
        at select (/home/shengjunqiu/code/pms-demo/e2e/ui-tickets.spec.ts:19:50)
        at create (/home/shengjunqiu/code/pms-demo/e2e/ui-tickets.spec.ts:58:9)
        at /home/shengjunqiu/code/pms-demo/e2e/ui-tickets.spec.ts:99:14

    Error Context: test-results/ui-tickets-需求真实闭环：反馈、解决、发起人退回与最终关闭，台账保留筛选/error-context.md

  2) e2e/ui-tickets.spec.ts:131:1 › BUG真实闭环：从BUG页签登记、转办、修复与发起人复测 ───────────────────────────────────

    Error: locator.click: Error: strict mode violation: getByRole('dialog').getByLabel('新建责任人', { exact: true }) resolved to 2 elements:
        1) <div aria-label="新建责任人" class="ant-select ant-select-outlined css-dev-only-do-not-override-1mq36b9 ant-select-single ant-select-show-arrow ant-select-show-search">…</div> aka getByLabel('新建责任人').first()
        2) <input value="" type="search" role="combobox" id="rc_select_25" autocomplete="off" aria-label="新建责任人" aria-expanded="false" aria-haspopup="listbox" aria-autocomplete="list" aria-owns="rc_select_25_list" aria-controls="rc_select_25_list" class="ant-select-selection-search-input"/> aka getByRole('combobox', { name: '新建责任人' })

    Call log:
      - waiting for getByRole('dialog').getByLabel('新建责任人', { exact: true })


      17 | }
      18 | async function select(page: Page, scope: Page | Locator, label: string, name: string) {
    > 19 |   await scope.getByLabel(label, { exact: true }).click();
         |                                                  ^
      20 |   await page.locator('.ant-select-dropdown:visible .ant-select-item-option').filter({ hasText: name }).click();
      21 |   await expect(page.locator('.ant-select-dropdown:visible')).toHaveCount(0);
      22 | }
        at select (/home/shengjunqiu/code/pms-demo/e2e/ui-tickets.spec.ts:19:50)
        at create (/home/shengjunqiu/code/pms-demo/e2e/ui-tickets.spec.ts:58:9)
        at /home/shengjunqiu/code/pms-demo/e2e/ui-tickets.spec.ts:134:14

    Error Context: test-results/ui-tickets-BUG真实闭环：从BUG页签登记、转办、修复与发起人复测/error-context.md

  3) e2e/ui-tickets.spec.ts:152:1 › 风险与问题真实闭环：5×4评分、PMO督办、风险转问题及主PM关闭 ──────────────────────────────

    Error: locator.click: Error: strict mode violation: getByRole('dialog').getByLabel('新建责任人', { exact: true }) resolved to 2 elements:
        1) <div aria-label="新建责任人" class="ant-select ant-select-outlined css-dev-only-do-not-override-1mq36b9 ant-select-single ant-select-show-arrow ant-select-show-search">…</div> aka getByLabel('新建责任人').first()
        2) <input value="" type="search" role="combobox" id="rc_select_23" autocomplete="off" aria-label="新建责任人" aria-expanded="false" aria-haspopup="listbox" aria-autocomplete="list" aria-owns="rc_select_23_list" aria-controls="rc_select_23_list" class="ant-select-selection-search-input"/> aka getByRole('combobox', { name: '新建责任人' })

    Call log:
      - waiting for getByRole('dialog').getByLabel('新建责任人', { exact: true })


      17 | }
      18 | async function select(page: Page, scope: Page | Locator, label: string, name: string) {
    > 19 |   await scope.getByLabel(label, { exact: true }).click();
         |                                                  ^
      20 |   await page.locator('.ant-select-dropdown:visible .ant-select-item-option').filter({ hasText: name }).click();
      21 |   await expect(page.locator('.ant-select-dropdown:visible')).toHaveCount(0);
      22 | }
        at select (/home/shengjunqiu/code/pms-demo/e2e/ui-tickets.spec.ts:19:50)
        at create (/home/shengjunqiu/code/pms-demo/e2e/ui-tickets.spec.ts:58:9)
        at /home/shengjunqiu/code/pms-demo/e2e/ui-tickets.spec.ts:155:14

    Error Context: test-results/ui-tickets-风险与问题真实闭环：5×4评分、PMO督办、风险转问题及主PM关闭/error-context.md

  3 failed
    e2e/ui-tickets.spec.ts:96:1 › 需求真实闭环：反馈、解决、发起人退回与最终关闭，台账保留筛选 ───────────────────────────────────
    e2e/ui-tickets.spec.ts:131:1 › BUG真实闭环：从BUG页签登记、转办、修复与发起人复测 ────────────────────────────────────
    e2e/ui-tickets.spec.ts:152:1 › 风险与问题真实闭环：5×4评分、PMO督办、风险转问题及主PM关闭 ───────────────────────────────
 ELIFECYCLE  Command failed with exit code 1.
