
> pms-demo@1.0.0 test:e2e /home/shengjunqiu/code/pms-demo
> playwright test e2e/ui-tickets.spec.ts

[WebServer] (node:2945116) Warning: The 'NO_COLOR' env is ignored due to the 'FORCE_COLOR' env being set.
[WebServer] (Use `node --trace-warnings ...` to show where the warning was created)
[WebServer] (node:2945129) Warning: The 'NO_COLOR' env is ignored due to the 'FORCE_COLOR' env being set.
[WebServer] (Use `node --trace-warnings ...` to show where the warning was created)

Running 5 tests using 1 worker

(node:2945164) Warning: The 'NO_COLOR' env is ignored due to the 'FORCE_COLOR' env being set.
(Use `node --trace-warnings ...` to show where the warning was created)
  ✘  1 e2e/ui-tickets.spec.ts:103:1 › 需求真实闭环：反馈、解决、发起人退回与最终关闭，台账保留筛选 (16.7s)
(node:2945452) Warning: The 'NO_COLOR' env is ignored due to the 'FORCE_COLOR' env being set.
(Use `node --trace-warnings ...` to show where the warning was created)
  ✓  2 e2e/ui-tickets.spec.ts:138:1 › BUG真实闭环：从BUG页签登记、转办、修复与发起人复测 (22.4s)
  ✓  3 e2e/ui-tickets.spec.ts:159:1 › 风险与问题真实闭环：5×4评分、PMO督办、风险转问题及主PM关闭 (33.1s)
  ✘  4 e2e/ui-tickets.spec.ts:202:1 › 需求影响基线：阻断解决、真实计划申请和PMO批准后再闭环 (13.6s)
(node:2946321) Warning: The 'NO_COLOR' env is ignored due to the 'FORCE_COLOR' env being set.
(Use `node --trace-warnings ...` to show where the warning was created)
  ✘  5 e2e/ui-tickets.spec.ts:246:1 › 筛选与隔离：旧project链接、分页返回、类型和项目草稿重置、空态及角色权限 (17.5s)


  1) e2e/ui-tickets.spec.ts:103:1 › 需求真实闭环：反馈、解决、发起人退回与最终关闭，台账保留筛选 ─────────────────────────────────

    Error: expect(locator).toContainText(expected) failed

    Locator: getByRole('dialog').locator('.ant-select[aria-label="新建责任人"]')
    Expected substring: "赵工"
    Timeout: 5000ms
    Error: element(s) not found

    Call log:
      - Expect "toContainText" getByRole('dialog').locator('.ant-select[aria-label="新建责任人"]') with timeout 5000ms
      - waiting for getByRole('dialog').locator('.ant-select[aria-label="新建责任人"]')


      23 |   await page.locator('.ant-select-dropdown:visible .ant-select-item-option').filter({ hasText: name }).click();
      24 |   await expect(page.locator('.ant-select-dropdown:visible')).toHaveCount(0);
    > 25 |   await expect(control).toContainText(name);
         |                         ^
      26 | }
      27 | async function list(page: Page, kind: Kind, query = 'projectId=P-001') {
      28 |   await navigate(page, `${base(kind)}?${query}&kind=${kind}`);
        at select (/home/shengjunqiu/code/pms-demo/e2e/ui-tickets.spec.ts:25:25)
        at create (/home/shengjunqiu/code/pms-demo/e2e/ui-tickets.spec.ts:62:3)
        at /home/shengjunqiu/code/pms-demo/e2e/ui-tickets.spec.ts:106:14

    Error Context: test-results/ui-tickets-需求真实闭环：反馈、解决、发起人退回与最终关闭，台账保留筛选/error-context.md

  2) e2e/ui-tickets.spec.ts:202:1 › 需求影响基线：阻断解决、真实计划申请和PMO批准后再闭环 ───────────────────────────────────

    Error: expect(locator).toContainText(expected) failed

    Locator: getByRole('dialog').locator('.ant-select[aria-label="新建责任人"]')
    Expected substring: "赵工"
    Timeout: 5000ms
    Error: element(s) not found

    Call log:
      - Expect "toContainText" getByRole('dialog').locator('.ant-select[aria-label="新建责任人"]') with timeout 5000ms
      - waiting for getByRole('dialog').locator('.ant-select[aria-label="新建责任人"]')


      23 |   await page.locator('.ant-select-dropdown:visible .ant-select-item-option').filter({ hasText: name }).click();
      24 |   await expect(page.locator('.ant-select-dropdown:visible')).toHaveCount(0);
    > 25 |   await expect(control).toContainText(name);
         |                         ^
      26 | }
      27 | async function list(page: Page, kind: Kind, query = 'projectId=P-001') {
      28 |   await navigate(page, `${base(kind)}?${query}&kind=${kind}`);
        at select (/home/shengjunqiu/code/pms-demo/e2e/ui-tickets.spec.ts:25:25)
        at create (/home/shengjunqiu/code/pms-demo/e2e/ui-tickets.spec.ts:62:3)
        at /home/shengjunqiu/code/pms-demo/e2e/ui-tickets.spec.ts:206:14

    Error Context: test-results/ui-tickets-需求影响基线：阻断解决、真实计划申请和PMO批准后再闭环/error-context.md

  3) e2e/ui-tickets.spec.ts:246:1 › 筛选与隔离：旧project链接、分页返回、类型和项目草稿重置、空态及角色权限 ────────────────────────

    Error: expect(page).toHaveURL(expected) failed

    Expected pattern: /page=2/
    Received string:  "http://127.0.0.1:4179/requirements-bugs?project=P-001&kind=requirement"
    Timeout: 5000ms

    Call log:
      - Expect "toHaveURL" with timeout 5000ms
        13 × locator resolved to <html lang="zh-CN">…</html>
           - unexpected value "http://127.0.0.1:4179/requirements-bugs?project=P-001&kind=requirement"


      271 |   const row = page.locator('.ant-table-tbody tr.ant-table-row').first();
      272 |   await row.getByRole('button').click(); await expect(page.getByTestId('ticket-title')).toBeVisible();
    > 273 |   await page.getByRole('button', { name: '返回台账', exact: true }).click(); await expect(page).toHaveURL(/page=2/);
          |                                                                                             ^
      274 |   await navigate(page, '/issues-risks?projectId=P-001&kind=issue&owner=U-001&rank=重大&overdue=true&search=NOT-EXIST&page=1');
      275 |   await expect(page.getByRole('heading', { name: '问题与风险', exact: true })).toBeVisible();
      276 |   await expect(page.locator('.ant-table-tbody tr.ant-table-row')).toHaveCount(0);
        at /home/shengjunqiu/code/pms-demo/e2e/ui-tickets.spec.ts:273:93

    Error Context: test-results/ui-tickets-筛选与隔离：旧project链接、分页返回、类型和项目草稿重置、空态及角色权限/error-context.md

  3 failed
    e2e/ui-tickets.spec.ts:103:1 › 需求真实闭环：反馈、解决、发起人退回与最终关闭，台账保留筛选 ──────────────────────────────────
    e2e/ui-tickets.spec.ts:202:1 › 需求影响基线：阻断解决、真实计划申请和PMO批准后再闭环 ────────────────────────────────────
    e2e/ui-tickets.spec.ts:246:1 › 筛选与隔离：旧project链接、分页返回、类型和项目草稿重置、空态及角色权限 ─────────────────────────
  2 passed (1.8m)
 ELIFECYCLE  Command failed with exit code 1.
