
> pms-demo@1.0.0 test:e2e /home/shengjunqiu/code/pms-demo
> playwright test e2e/ui-reporting.spec.ts

[WebServer] (node:2925811) Warning: The 'NO_COLOR' env is ignored due to the 'FORCE_COLOR' env being set.
[WebServer] (Use `node --trace-warnings ...` to show where the warning was created)
[WebServer] (node:2925827) Warning: The 'NO_COLOR' env is ignored due to the 'FORCE_COLOR' env being set.
[WebServer] (Use `node --trace-warnings ...` to show where the warning was created)

Running 3 tests using 1 worker

(node:2925854) Warning: The 'NO_COLOR' env is ignored due to the 'FORCE_COLOR' env being set.
(Use `node --trace-warnings ...` to show where the warning was created)
  ✓  1 e2e/ui-reporting.spec.ts:15:1 › 报告 UI：无进展草稿提交、周报快照及独立来源 (35.9s)
  ✘  2 e2e/ui-reporting.spec.ts:27:1 › 交付 UI：质量整改、文件退回新版本与里程碑门禁 (1.3m)
(node:2927139) Warning: The 'NO_COLOR' env is ignored due to the 'FORCE_COLOR' env being set.
(Use `node --trace-warnings ...` to show where the warning was created)
  ✓  3 e2e/ui-reporting.spec.ts:42:1 › 报告交付 UI：只读、错误深链与收尾归档 (21.2s)


  1) e2e/ui-reporting.spec.ts:27:1 › 交付 UI：质量整改、文件退回新版本与里程碑门禁 ──────────────────────────────────────

    TimeoutError: locator.click: Timeout 10000ms exceeded.
    Call log:
      - waiting for locator('.ant-drawer:visible .ant-drawer-close')
        - locator resolved to <button type="button" aria-label="关闭" class="ant-drawer-close">…</button>
      - attempting click action
        2 × waiting for element to be visible, enabled and stable
          - element is not visible
        - retrying click action
        - waiting 20ms
        2 × waiting for element to be visible, enabled and stable
          - element is not visible
        - retrying click action
          - waiting 100ms
        19 × waiting for element to be visible, enabled and stable
           - element is not visible
         - retrying click action
           - waiting 500ms


       7 | test.beforeEach(({page})=>{prepareArtifacts();errors.set(page,collectBrowserErrors(page));});
       8 | test.afterEach(({page},info)=>{const consoleErrors=errors.get(page)??[];writeBrowserReport(info,{url:page.url(),consoleErrors});expect(consoleErrors).toEqual([]);});
    >  9 | async function changeRole(page:Page,name:string){const close=page.locator('.ant-drawer:visible .ant-drawer-close');if(await close.count()){await close.click();await expect(page.locator('.ant-drawer-mask:visible')).toHaveCount(0);}await role(page,name);}
         |                                                                                                                                                        ^
      10 | async function state(page:Page){return page.evaluate(async()=>{const path='/src/mock/business.ts';const b=await import(/* @vite-ignore */ path) as BusinessModule;return b.useBusinessStore.getState().data;});}
      11 | async function overlayShots(page:Page,name:string){await expect(page.locator('.ant-message-notice')).toHaveCount(0,{timeout:6000});for(const width of [1440,1280]){await page.setViewportSize({width,height:900});expect(await page.evaluate(()=>document.documentElement.scrollWidth<=innerWidth+1)).toBe(true);await page.screenshot({path:join(artifactDir,`${name}-${width}.png`),fullPage:true});}await page.setViewportSize({width:1440,height:900});}
      12 | async function documentAction(page:Page,name:string,note:string,file?:string,success=true){await page.locator('.ant-drawer:visible').getByRole('button',{name,exact:true}).click();const dialog=page.getByRole('dialog',{name,exact:true});if(file)await dialog.getByLabel('模拟文件名',{exact:true}).fill(file);await dialog.getByLabel('交付物办理说明',{exact:true}).fill(note);await dialog.getByRole('button',{name:/确\s*定/}).click();if(success)await expect(dialog).toBeHidden();return dialog;}
        at changeRole (/home/shengjunqiu/code/pms-demo/e2e/ui-reporting.spec.ts:9:152)
        at /home/shengjunqiu/code/pms-demo/e2e/ui-reporting.spec.ts:39:2

    Error Context: test-results/ui-reporting-交付-UI：质量整改、文件退回新版本与里程碑门禁/error-context.md

  1 failed
    e2e/ui-reporting.spec.ts:27:1 › 交付 UI：质量整改、文件退回新版本与里程碑门禁 ───────────────────────────────────────
  2 passed (2.3m)
 ELIFECYCLE  Command failed with exit code 1.
