
> pms-demo@1.0.0 test:e2e /home/shengjunqiu/code/pms-demo
> playwright test

[WebServer] (node:2784862) Warning: The 'NO_COLOR' env is ignored due to the 'FORCE_COLOR' env being set.
[WebServer] (Use `node --trace-warnings ...` to show where the warning was created)
[WebServer] (node:2784880) Warning: The 'NO_COLOR' env is ignored due to the 'FORCE_COLOR' env being set.
[WebServer] (Use `node --trace-warnings ...` to show where the warning was created)

Running 51 tests using 1 worker

(node:2784907) Warning: The 'NO_COLOR' env is ignored due to the 'FORCE_COLOR' env being set.
(Use `node --trace-warnings ...` to show where the warning was created)
  ✓   1 e2e/access-scope.spec.ts:97:1 › 指定组织约束商机与立项来源，审计收窄只隐藏日志且恢复后原事件仍存在 (50.6s)
  ✓   2 e2e/access.spec.ts:106:1 › CF07发布财务页面与人员单价限制，CF08保留发布差异及访问拒绝 (44.0s)
  ✓   3 e2e/access.spec.ts:199:1 › 默认PM仍可审核真实团队成员工时，个人单价和金额保持隐藏 (39.5s)
  ✓   4 e2e/action-access.spec.ts:30:1 › 禁用工时审核仍可填报；费率可见和编辑独立，恢复后原值保留 (34.0s)
  ✓   5 e2e/budget-acceptance.spec.ts:40:1 › YS-09 删除中间新增事项再新增，保存后各事项仍独立 (12.0s)
  ✓   6 e2e/budget-acceptance.spec.ts:61:1 › YS-09/10/11/12 超概算保存、原因阻断、高级审批和独立基线确认 (37.7s)
  ✓   7 e2e/early-investments.spec.ts:123:1 › GS-10/11 草稿提交、审批意见必填、批准额度与真实成本分离、归集拒绝及来源下钻 (38.0s)
  ✓   8 e2e/early-investments.spec.ts:211:1 › GS-10 高风险命中管理层，PMO不能审批，管理层通过后保留规则与意见 (22.5s)
  ✓   9 e2e/early-investments.spec.ts:233:1 › GS-10 驳回保留原申请且不增加额度，新申请超累计硬上限被阻断 (22.0s)
  ✓  10 e2e/early-investments.spec.ts:265:1 › GS-10/11 未知商机及申请404、协作角色只读、真实组织规则拒绝访问 (16.4s)
  ✓  11 e2e/early-investments.spec.ts:311:1 › GS-11 配置临期提醒与真实立项成本继承，保留商机来源且不重复计费 (18.3s)
  ✓  12 e2e/estimates.spec.ts:157:1 › GS-08/09 从通过评审生成、追加、冻结、差异追溯并承接立项版本 (32.4s)
  ✓  13 e2e/estimates.spec.ts:231:1 › GS-08/09 阻断偏离评审的冻结，并覆盖空态、404与403 (14.3s)
  ✓  14 e2e/first-batch.spec.ts:16:35 › 首批页面可见性和布局 1440 (17.2s)
  ✓  15 e2e/first-batch.spec.ts:16:35 › 首批页面可见性和布局 1280 (17.1s)
  ✓  16 e2e/first-batch.spec.ts:37:1 › 商机提交和重新打开保留同一份业务记录 (32.7s)
