
> pms-demo@1.0.0 test:e2e /home/shengjunqiu/code/pms-demo
> playwright test e2e/presales.spec.ts e2e/r0024-controls.spec.ts e2e/r0024-unsigned.spec.ts

[WebServer] (node:2796023) Warning: The 'NO_COLOR' env is ignored due to the 'FORCE_COLOR' env being set.
[WebServer] (Use `node --trace-warnings ...` to show where the warning was created)
[WebServer] (node:2796038) Warning: The 'NO_COLOR' env is ignored due to the 'FORCE_COLOR' env being set.
[WebServer] (Use `node --trace-warnings ...` to show where the warning was created)

Running 10 tests using 1 worker

(node:2796062) Warning: The 'NO_COLOR' env is ignored due to the 'FORCE_COLOR' env being set.
(Use `node --trace-warnings ...` to show where the warning was created)
  ✓   1 e2e/presales.spec.ts:104:1 › GS-05/06/07 调研、数量单价、财务核对、冻结评审、整改复审及旧快照 (1.4m)
  ✓   2 e2e/presales.spec.ts:194:1 › GS-05/06/07 客户经理只读、非协同技术人员403、错误商机404 (13.3s)
  ✓   3 e2e/presales.spec.ts:220:1 › GS-07 PMO不通过结论保留双版本且不能承接概算 (18.8s)
  ✓   4 e2e/r0024-controls.spec.ts:48:3 › YS-14 追加投入批准释放且待审不改变额度期限 (17.6s)
  ✓   5 e2e/r0024-controls.spec.ts:48:3 › YS-14 追加投入驳回不释放且待审不改变额度期限 (18.9s)
  ✓   6 e2e/r0024-controls.spec.ts:99:1 › YS-14 退出复盘保留已有成本流水并限制新增投入 (14.1s)
  ✘   7 e2e/r0024-unsigned.spec.ts:37:1 › YS-13 未签台账按风险过滤并保留真实下钻 (10.2s)
(node:2797664) Warning: The 'NO_COLOR' env is ignored due to the 'FORCE_COLOR' env being set.
(Use `node --trace-warnings ...` to show where the warning was created)
  ✓   8 e2e/r0024-unsigned.spec.ts:91:1 › YS-14 签约进展和合同原单形成同源记录 (23.2s)
  ✓   9 e2e/r0024-unsigned.spec.ts:188:1 › YS-15 阻断原因完整且满足条件后原子启动 (28.2s)
  ✓  10 e2e/r0024-unsigned.spec.ts:263:1 › 未签页面空结果、无权限及缺基线不会冒充可启动 (12.6s)


  1) e2e/r0024-unsigned.spec.ts:37:1 › YS-13 未签台账按风险过滤并保留真实下钻 ──────────────────────────────────────

    Error: expect(locator).toContainText(expected) failed

    Locator: getByText('未签项目').locator('..')
    Expected substring: "12"
    Error: strict mode violation: getByText('未签项目').locator('..') resolved to 2 elements:
        1) <li tabindex="-1" role="menuitem" aria-describedby=":rn9:" class="ant-menu-item ant-menu-item-only-child" data-menu-id="rc-menu-uuid-93280-2-/unsigned-projects/P-004">…</li> aka getByRole('menuitem', { name: '未签项目详情' })
        2) <div class="ant-statistic css-dev-only-do-not-override-1mq36b9">…</div> aka getByText('未签项目12')

    Call log:
      - Expect "toContainText" getByText('未签项目').locator('..') with timeout 5000ms
      - waiting for getByText('未签项目').locator('..')


      43 |     page.getByRole('heading', { name: '未签立项台账', exact: true }),
      44 |   ).toBeVisible();
    > 45 |   await expect(page.getByText('未签项目').locator('..')).toContainText(
         |                                                      ^
      46 |     String(fixture.unsignedCount),
      47 |   );
      48 |   const visibleRows = page.locator(
        at /home/shengjunqiu/code/pms-demo/e2e/r0024-unsigned.spec.ts:45:54

    Error Context: test-results/r0024-unsigned-YS-13-未签台账按风险过滤并保留真实下钻/error-context.md

  1 failed
    e2e/r0024-unsigned.spec.ts:37:1 › YS-13 未签台账按风险过滤并保留真实下钻 ───────────────────────────────────────
  9 passed (4.1m)
 ELIFECYCLE  Command failed with exit code 1.
