[WebServer] (node:2693342) Warning: The 'NO_COLOR' env is ignored due to the 'FORCE_COLOR' env being set.
[WebServer] (Use `node --trace-warnings ...` to show where the warning was created)
[WebServer] (node:2693359) Warning: The 'NO_COLOR' env is ignored due to the 'FORCE_COLOR' env being set.
[WebServer] (Use `node --trace-warnings ...` to show where the warning was created)

Running 4 tests using 1 worker

(node:2693412) Warning: The 'NO_COLOR' env is ignored due to the 'FORCE_COLOR' env being set.
(Use `node --trace-warnings ...` to show where the warning was created)
  ✘  1 e2e/early-investments.spec.ts:122:1 › GS-10/11 草稿提交、审批意见必填、批准额度与真实成本分离、归集拒绝及来源下钻 (15.6s)
(node:2693761) Warning: The 'NO_COLOR' env is ignored due to the 'FORCE_COLOR' env being set.
(Use `node --trace-warnings ...` to show where the warning was created)
  ✓  2 e2e/early-investments.spec.ts:209:1 › GS-10 高风险命中管理层，PMO不能审批，管理层通过后保留规则与意见 (23.8s)
  ✘  3 e2e/early-investments.spec.ts:231:1 › GS-10 驳回保留原申请且不增加额度，新申请超累计硬上限被阻断 (31.5s)
(node:2694494) Warning: The 'NO_COLOR' env is ignored due to the 'FORCE_COLOR' env being set.
(Use `node --trace-warnings ...` to show where the warning was created)
  ✓  4 e2e/early-investments.spec.ts:263:1 › GS-10/11 未知商机及申请404、协作角色只读、真实组织规则拒绝访问 (16.7s)


  1) e2e/early-investments.spec.ts:122:1 › GS-10/11 草稿提交、审批意见必填、批准额度与真实成本分离、归集拒绝及来源下钻 ──────────────

    Error: expect(received).toBe(expected) // Object.is equality

    Expected: "待审批"
    Received: "草稿"

      135 |   await expect(page.getByText('投入申请已提交至规则指定审批角色', { exact: true })).toBeVisible();
      136 |   state = await snapshot(page, id);
    > 137 |   expect(state.requests[0].status).toBe('待审批');
          |                                    ^
      138 |   const frozenSource = state.requests[0].estimateSnapshot;
      139 |   expect(frozenSource?.isFrozen).toBe(true);
      140 |   await role(page, 'PMO负责人');
        at /home/shengjunqiu/code/pms-demo/e2e/early-investments.spec.ts:137:36

    Error Context: test-results/early-investments-GS-10-11-草稿提交、审批意见必填、批准额度与真实成本分离、归集拒绝及来源下钻/error-context.md

  2) e2e/early-investments.spec.ts:231:1 › GS-10 驳回保留原申请且不增加额度，新申请超累计硬上限被阻断 ────────────────────────

    TimeoutError: locator.click: Timeout 10000ms exceeded.
    Call log:
      - waiting for getByRole('dialog', { name: '提交提前投入申请？', exact: true }).getByRole('button', { name: /取\s*消/ })
        - locator resolved to <button type="button" class="ant-btn css-dev-only-do-not-override-vgqema ant-btn-default ant-btn-color-default ant-btn-variant-outlined">…</button>
      - attempting click action
        2 × waiting for element to be visible, enabled and stable
          - element is not stable
        - retrying click action
        - waiting 20ms
        - waiting for element to be visible, enabled and stable
        - element is not stable
      - retrying click action
        - waiting 100ms
        - waiting for element to be visible, enabled and stable
      - element was detached from the DOM, retrying


      253 |   await expect(page.getByText('累计投入额度超过预计金额10%的演示硬上限', { exact: true })).toBeVisible();
      254 |   const confirmation = page.getByRole('dialog', { name: '提交提前投入申请？', exact: true });
    > 255 |   if (await confirmation.isVisible()) await confirmation.getByRole('button', { name: /取\s*消/ }).click();
          |                                                                                                 ^
      256 |   const state = await snapshot(page, id);
      257 |   expect(state.requests).toEqual([rejected]);
      258 |   expect(state.opportunity.earlyInvestmentQuota).toBe(0);
        at /home/shengjunqiu/code/pms-demo/e2e/early-investments.spec.ts:255:97

    Error Context: test-results/early-investments-GS-10-驳回保留原申请且不增加额度，新申请超累计硬上限被阻断/error-context.md

  2 failed
    e2e/early-investments.spec.ts:122:1 › GS-10/11 草稿提交、审批意见必填、批准额度与真实成本分离、归集拒绝及来源下钻 ───────────────
    e2e/early-investments.spec.ts:231:1 › GS-10 驳回保留原申请且不增加额度，新申请超累计硬上限被阻断 ─────────────────────────
  2 passed (1.6m)
