[WebServer] (node:2696479) Warning: The 'NO_COLOR' env is ignored due to the 'FORCE_COLOR' env being set.
[WebServer] (Use `node --trace-warnings ...` to show where the warning was created)
[WebServer] (node:2696496) Warning: The 'NO_COLOR' env is ignored due to the 'FORCE_COLOR' env being set.
[WebServer] (Use `node --trace-warnings ...` to show where the warning was created)

Running 4 tests using 1 worker

(node:2696553) Warning: The 'NO_COLOR' env is ignored due to the 'FORCE_COLOR' env being set.
(Use `node --trace-warnings ...` to show where the warning was created)
  ✘  1 e2e/early-investments.spec.ts:122:1 › GS-10/11 草稿提交、审批意见必填、批准额度与真实成本分离、归集拒绝及来源下钻 (40.0s)
(node:2697138) Warning: The 'NO_COLOR' env is ignored due to the 'FORCE_COLOR' env being set.
(Use `node --trace-warnings ...` to show where the warning was created)
  ✓  2 e2e/early-investments.spec.ts:210:1 › GS-10 高风险命中管理层，PMO不能审批，管理层通过后保留规则与意见 (23.6s)
  ✓  3 e2e/early-investments.spec.ts:232:1 › GS-10 驳回保留原申请且不增加额度，新申请超累计硬上限被阻断 (23.1s)
  ✓  4 e2e/early-investments.spec.ts:264:1 › GS-10/11 未知商机及申请404、协作角色只读、真实组织规则拒绝访问 (17.0s)


  1) e2e/early-investments.spec.ts:122:1 › GS-10/11 草稿提交、审批意见必填、批准额度与真实成本分离、归集拒绝及来源下钻 ──────────────

    TimeoutError: locator.click: Timeout 10000ms exceeded.
    Call log:
      - waiting for locator('.ant-select-dropdown:visible .ant-select-item-option:visible').filter({ hasText: '人力' }).last()
        - locator resolved to <div title="直接人力成本" aria-selected="false" class="ant-select-item ant-select-item-option ant-select-item-option-active">…</div>
      - attempting click action
        - waiting for element to be visible, enabled and stable
        - element is visible, enabled and stable
        - scrolling into view if needed
        - done scrolling
        - <td class="ant-table-cell">…</td> from <div id="root">…</div> subtree intercepts pointer events
      - retrying click action
        - waiting for element to be visible, enabled and stable
        - element is not stable
      - retrying click action
        - waiting 20ms
        2 × waiting for element to be visible, enabled and stable
          - element is not stable
        - retrying click action
          - waiting 100ms
        19 × waiting for element to be visible, enabled and stable
           - element is not visible
         - retrying click action
           - waiting 500ms


      80 |   await input.focus();
      81 |   await input.press('ArrowDown');
    > 82 |   await page.locator('.ant-select-dropdown:visible .ant-select-item-option:visible').filter({ hasText: text }).last().click();
         |                                                                                                                       ^
      83 |   await input.press('Escape');
      84 | }
      85 | async function snapshot(page: Page, id: string) {
        at select (/home/shengjunqiu/code/pms-demo/e2e/early-investments.spec.ts:82:119)
        at /home/shengjunqiu/code/pms-demo/e2e/early-investments.spec.ts:165:3

    Error Context: test-results/early-investments-GS-10-11-草稿提交、审批意见必填、批准额度与真实成本分离、归集拒绝及来源下钻/error-context.md

  1 failed
    e2e/early-investments.spec.ts:122:1 › GS-10/11 草稿提交、审批意见必填、批准额度与真实成本分离、归集拒绝及来源下钻 ───────────────
  3 passed (1.8m)
