
> pms-demo@1.0.0 test:e2e /home/shengjunqiu/code/pms-demo
> playwright test e2e/ui-opportunities.spec.ts e2e/opportunity-ledger.spec.ts e2e/first-batch.spec.ts:37 e2e/first-batch.spec.ts:163

[WebServer] (node:2835794) Warning: The 'NO_COLOR' env is ignored due to the 'FORCE_COLOR' env being set.
[WebServer] (Use `node --trace-warnings ...` to show where the warning was created)
[WebServer] (node:2835809) Warning: The 'NO_COLOR' env is ignored due to the 'FORCE_COLOR' env being set.
[WebServer] (Use `node --trace-warnings ...` to show where the warning was created)

Running 11 tests using 1 worker

(node:2835906) Warning: The 'NO_COLOR' env is ignored due to the 'FORCE_COLOR' env being set.
(Use `node --trace-warnings ...` to show where the warning was created)
  ✓   1 e2e/first-batch.spec.ts:37:1 › 商机提交和重新打开保留同一份业务记录 (36.1s)
  ✓   2 e2e/first-batch.spec.ts:163:1 › 商机必填、草稿、取消及冻结编辑限制 (16.1s)
  ✓   3 e2e/opportunity-ledger.spec.ts:87:1 › 台账日期方案恢复、列设置导出与补录跟进日期 (24.6s)
  ✓   4 e2e/opportunity-ledger.spec.ts:158:1 › 真实完整版本链可发起立项，九个页签及下钻保持同一商机 (16.1s)
  ✓   5 e2e/opportunity-ledger.spec.ts:191:1 › 新评审与旧冻结概算不一致时两页共同阻断，项目经理成本显示一致 (14.9s)
  ✓   6 e2e/opportunity-ledger.spec.ts:220:1 › 台账分页和金额排序使用完整可见集合 (10.9s)
  ✘   7 e2e/opportunity-ledger.spec.ts:251:1 › 暂缓必须安排复评，详情与台账提醒同步并能发起复评 (12.1s)
(node:2837988) Warning: The 'NO_COLOR' env is ignored due to the 'FORCE_COLOR' env being set.
(Use `node --trace-warnings ...` to show where the warning was created)
  ✓   8 e2e/opportunity-ledger.spec.ts:288:1 › 真实前期投入终止时强制处置说明，保留来源成本与只读历史 (15.7s)
  ✓   9 e2e/opportunity-ledger.spec.ts:344:1 › 未知商机、组织拒绝和已立项商机的真实项目下钻 (13.2s)
  ✓  10 e2e/ui-opportunities.spec.ts:14:1 › 商机 UI：新建、摘要、六维评估和办理返回保持真实商机 (25.2s)
  ✓  11 e2e/ui-opportunities.spec.ts:70:1 › 商机 UI：空筛选可恢复、辅助列可见、只读角色保留详情 (12.3s)


  1) e2e/opportunity-ledger.spec.ts:251:1 › 暂缓必须安排复评，详情与台账提醒同步并能发起复评 ───────────────────────────────

    Error: page.evaluate: Execution context was destroyed, most likely because of a navigation.

      10 | async function seed(page: Page, mode: 'base' | 'ready' | 'stale' = 'base') {
      11 |   await page.goto('/opportunities');
    > 12 |   const id = await page.evaluate(async (scenario) => {
         |                         ^
      13 |     const modulePath = '/src/mock/business.ts';
      14 |     const business = await import(/* @vite-ignore */ modulePath) as BusinessModule;
      15 |     const market: Actor = { id: 'U-006', name: '陈亮', role: 'market' };
        at seed (/home/shengjunqiu/code/pms-demo/e2e/opportunity-ledger.spec.ts:12:25)
        at /home/shengjunqiu/code/pms-demo/e2e/opportunity-ledger.spec.ts:253:14

    Error Context: test-results/opportunity-ledger-暂缓必须安排复评，详情与台账提醒同步并能发起复评/error-context.md

  1 failed
    e2e/opportunity-ledger.spec.ts:251:1 › 暂缓必须安排复评，详情与台账提醒同步并能发起复评 ────────────────────────────────
  10 passed (3.4m)
 ELIFECYCLE  Command failed with exit code 1.
