
> pms-demo@1.0.0 test:e2e /Users/shengjunqiu/Documents/Code/pms-demo
> playwright test

[WebServer] (node:12169) Warning: The 'NO_COLOR' env is ignored due to the 'FORCE_COLOR' env being set.
[WebServer] (Use `node --trace-warnings ...` to show where the warning was created)
[WebServer] (node:12194) Warning: The 'NO_COLOR' env is ignored due to the 'FORCE_COLOR' env being set.
[WebServer] (Use `node --trace-warnings ...` to show where the warning was created)

Running 16 tests using 1 worker

(node:12201) Warning: The 'NO_COLOR' env is ignored due to the 'FORCE_COLOR' env being set.
(Use `node --trace-warnings ...` to show where the warning was created)
  ✓   1 e2e/access-scope.spec.ts:97:1 › 指定组织约束商机与立项来源，审计收窄只隐藏日志且恢复后原事件仍存在 (35.7s)
  ✓   2 e2e/access.spec.ts:106:1 › CF07发布财务页面与人员单价限制，CF08保留发布差异及访问拒绝 (34.1s)
  ✓   3 e2e/access.spec.ts:197:1 › 默认PM仍可审核真实团队成员工时，个人单价和金额保持隐藏 (32.2s)
  ✓   4 e2e/action-access.spec.ts:30:1 › 禁用工时审核仍可填报；费率可见和编辑独立，恢复后原值保留 (29.1s)
  ✓   5 e2e/first-batch.spec.ts:16:35 › 首批页面可见性和布局 1440 (10.7s)
  ✓   6 e2e/first-batch.spec.ts:16:35 › 首批页面可见性和布局 1280 (11.0s)
  ✘   7 e2e/first-batch.spec.ts:37:1 › 商机提交和重新打开保留同一份业务记录 (22.4s)
(node:15130) Warning: The 'NO_COLOR' env is ignored due to the 'FORCE_COLOR' env being set.
(Use `node --trace-warnings ...` to show where the warning was created)
  ✓   8 e2e/first-batch.spec.ts:91:1 › 策划计划经PMO评审、预算审批与独立基线确认 (21.4s)
  ✓   9 e2e/first-batch.spec.ts:159:1 › 商机必填、草稿、取消及冻结编辑限制 (10.3s)
  ✓  10 e2e/receipts.spec.ts:76:1 › P006财务收清1023万元后应收门禁解除，其他关闭条件仍待办理 (13.5s)
  ✓  11 e2e/receipts.spec.ts:125:1 › P006部分收款后重复流水被拒，合同余额及原流水条数保持不变 (9.5s)
  ✓  12 e2e/settlement.spec.ts:51:1 › P006客户整改创建复验轮次，签署证明经PMO确认后分税点报验 (26.9s)
  ✓  13 e2e/settlement.spec.ts:160:1 › 客户验收与报验的空态、未知对象和角色限制 (7.6s)
  ✓  14 e2e/settlement.spec.ts:185:1 › OPS007真实运维原单经财务单次入账，与独立周期关联 (9.4s)
  ✓  15 e2e/workbench.spec.ts:4:3 › 工作台聚合与原业务下钻 1440 (8.2s)
  ✓  16 e2e/workbench.spec.ts:4:3 › 工作台聚合与原业务下钻 1280 (8.4s)


  1) e2e/first-batch.spec.ts:37:1 › 商机提交和重新打开保留同一份业务记录 ─────────────────────────────────────────────

    Error: expect(locator).toBeDisabled() failed

    Locator: locator('tr').filter({ hasText: '客户价值' }).getByRole('button', { name: '填写意见' })
    Expected: disabled
    Timeout: 5000ms
    Error: element(s) not found

    Call log:
      - Expect "toBeDisabled" locator('tr').filter({ hasText: '客户价值' }).getByRole('button', { name: '填写意见' }) with timeout 5000ms
      - waiting for locator('tr').filter({ hasText: '客户价值' }).getByRole('button', { name: '填写意见' })


      62 |     if (name !== '客户经理') { await role(page, name); await navigate(page, `${path}/evaluation`); }
      63 |     const forbidden = name === '客户经理' ? '技术可行性' : name === '方案架构师' ? '客户价值' : '交付难度';
    > 64 |     await expect(page.locator('tr').filter({ hasText: forbidden }).getByRole('button', { name: '填写意见' })).toBeDisabled();
         |                                                                                                           ^
      65 |     for (const dimension of dimensions) {
      66 |       await page.locator('tr').filter({ hasText: dimension }).getByRole('button', { name: '填写意见' }).click();
      67 |       const dialog = page.getByRole('dialog');
        at /Users/shengjunqiu/Documents/Code/pms-demo/e2e/first-batch.spec.ts:64:107

    attachment #1: screenshot (image/png) ──────────────────────────────────────────────────────────
    test-results/first-batch-商机提交和重新打开保留同一份业务记录/test-failed-1.png
    ────────────────────────────────────────────────────────────────────────────────────────────────

    Error Context: test-results/first-batch-商机提交和重新打开保留同一份业务记录/error-context.md

    attachment #3: trace (application/zip) ─────────────────────────────────────────────────────────
    test-results/first-batch-商机提交和重新打开保留同一份业务记录/trace.zip
    Usage:

        pnpm exec playwright show-trace test-results/first-batch-商机提交和重新打开保留同一份业务记录/trace.zip

    ────────────────────────────────────────────────────────────────────────────────────────────────

  1 failed
    e2e/first-batch.spec.ts:37:1 › 商机提交和重新打开保留同一份业务记录 ──────────────────────────────────────────────
  15 passed (5.0m)
 ELIFECYCLE  Command failed with exit code 1.
