[WebServer] (node:2608580) Warning: The 'NO_COLOR' env is ignored due to the 'FORCE_COLOR' env being set.
[WebServer] (Use `node --trace-warnings ...` to show where the warning was created)
[WebServer] (node:2608605) Warning: The 'NO_COLOR' env is ignored due to the 'FORCE_COLOR' env being set.
[WebServer] (Use `node --trace-warnings ...` to show where the warning was created)

Running 2 tests using 1 worker

(node:2608629) Warning: The 'NO_COLOR' env is ignored due to the 'FORCE_COLOR' env being set.
(Use `node --trace-warnings ...` to show where the warning was created)
  ✘  1 e2e/presales.spec.ts:103:1 › GS-05/06/07 调研、数量单价、财务核对、冻结评审、整改复审及旧快照 (32.9s)
(node:2609225) Warning: The 'NO_COLOR' env is ignored due to the 'FORCE_COLOR' env being set.
(Use `node --trace-warnings ...` to show where the warning was created)
  ✓  2 e2e/presales.spec.ts:193:1 › GS-05/06/07 客户经理只读方案成本，错误商机展示404 (11.5s)


  1) e2e/presales.spec.ts:103:1 › GS-05/06/07 调研、数量单价、财务核对、冻结评审、整改复审及旧快照 ───────────────────────────

    TimeoutError: locator.click: Timeout 10000ms exceeded.
    Call log:
      - waiting for getByRole('dialog', { name: '新增成本项', exact: true }).getByLabel('统一成本科目')
        - locator resolved to <input readonly value="" type="search" id="subjectId" role="combobox" unselectable="on" autocomplete="off" aria-required="true" aria-expanded="false" aria-haspopup="listbox" aria-autocomplete="list" aria-owns="subjectId_list" aria-controls="subjectId_list" class="ant-select-selection-search-input"/>
      - attempting click action
        - waiting for element to be visible, enabled and stable
        - element is visible, enabled and stable
        - scrolling into view if needed
        - done scrolling
        - <span title="直接人力成本" class="ant-select-selection-item">直接人力成本</span> intercepts pointer events
      - retrying click action
        - waiting for element to be visible, enabled and stable
        - element is not stable
      - retrying click action
        - waiting 20ms
        2 × waiting for element to be visible, enabled and stable
          - element is not stable
        - retrying click action
          - waiting 100ms
        19 × waiting for element to be visible, enabled and stable
           - element is visible, enabled and stable
           - scrolling into view if needed
           - done scrolling
           - <span title="直接人力成本" class="ant-select-selection-item">直接人力成本</span> intercepts pointer events
         - retrying click action
           - waiting 500ms


      128 |   await line.getByRole('button', { name: /确\s*定/ }).click();
      129 |   await page.getByRole('button', { name: '新增成本项', exact: true }).click(); line = page.getByRole('dialog', { name: '新增成本项', exact: true });
    > 130 |   await line.getByLabel('统一成本科目').click();
          |                                   ^
      131 |   await page.locator('.ant-select-dropdown:visible .ant-select-item-option').filter({ hasText: '采购' }).click();
      132 |   await line.getByLabel('测算项名称').fill('集成网关'); await line.getByLabel('数量', { exact: true }).fill('2');
      133 |   await line.getByLabel('单位', { exact: true }).fill('套'); await line.getByLabel('单价（万元）').fill('10');
        at /home/shengjunqiu/code/pms-demo/e2e/presales.spec.ts:130:35

    Error Context: test-results/presales-GS-05-06-07-调研、数量单价、财务核对、冻结评审、整改复审及旧快照/error-context.md

  1 failed
    e2e/presales.spec.ts:103:1 › GS-05/06/07 调研、数量单价、财务核对、冻结评审、整改复审及旧快照 ────────────────────────────
  1 passed (50.2s)
